
{"v":0,"name":"test","msg":"CREATE DATABASE \"72bed58d-a0d5-4a82-8697-4722c0e53adc\";; rows: 0, elapsed: 274.385ms","level":30,"hostname":"david-desktop","pid":547007,"time":"2020-11-20T08:54:08.112517424+00:00","log.target":"sqlx::query","log.module_path":"sqlx::query"}
{"v":0,"name":"test","msg":"/* SQLx ping */; rows: 0, elapsed: 278.955µs","level":30,"hostname":"david-desktop","pid":547007,"time":"2020-11-20T08:54:08.118623193+00:00","log.target":"sqlx::query","log.module_path":"sqlx::query"}
{"v":0,"name":"test","msg":"CREATE DATABASE \"4b537d69-255c-44a8-9ad0-e848c0dbc619\";; rows: 0, elapsed: 281.612ms","level":30,"hostname":"david-desktop","pid":547007,"time":"2020-11-20T08:54:08.119557253+00:00","log.target":"sqlx::query","log.module_path":"sqlx::query"}
{"v":0,"name":"test","msg":"SELECT current_database(); rows: 1, elapsed: 1.222ms","level":30,"hostname":"david-desktop","pid":547007,"time":"2020-11-20T08:54:08.120099235+00:00","log.target":"sqlx::query","log.module_path":"sqlx::query"}
{"v":0,"name":"test","msg":"CREATE DATABASE \"efcf284d-628d-492f-a0d8-d929c05a9e19\";; rows: 0, elapsed: 282.185ms","level":30,"hostname":"david-desktop","pid":547007,"time":"2020-11-20T08:54:08.120121133+00:00","log.module_path":"sqlx::query","log.target":"sqlx::query"}
{"v":0,"name":"test","msg":"SELECT pg_advisory_lock($1); rows: 1, elapsed: 1.013ms","level":30,"hostname":"david-desktop","pid":547007,"time":"2020-11-20T08:54:08.121401989+00:00","log.module_path":"sqlx::query","log.target":"sqlx::query"}
{"v":0,"name":"test","msg":"/* SQLx ping */; rows: 0, elapsed: 317.949µs","level":30,"hostname":"david-desktop","pid":547007,"time":"2020-11-20T08:54:08.124881966+00:00","log.module_path":"sqlx::query","log.target":"sqlx::query"}
{"v":0,"name":"test","msg":"/* SQLx ping */; rows: 0, elapsed: 254.223µs","level":30,"hostname":"david-desktop","pid":547007,"time":"2020-11-20T08:54:08.125513942+00:00","log.module_path":"sqlx::query","log.target":"sqlx::query"}
{"v":0,"name":"test","msg":"SELECT current_database(); rows: 1, elapsed: 1.298ms","level":30,"hostname":"david-desktop","pid":547007,"time":"2020-11-20T08:54:08.126444275+00:00","log.module_path":"sqlx::query","log.target":"sqlx::query"}
{"v":0,"name":"test","msg":"SELECT current_database(); rows: 1, elapsed: 818.830µs","level":30,"hostname":"david-desktop","pid":547007,"time":"2020-11-20T08:54:08.126564394+00:00","log.target":"sqlx::query","log.module_path":"sqlx::query"}
{"v":0,"name":"test","msg":"SELECT pg_advisory_lock($1); rows: 1, elapsed: 632.568µs","level":30,"hostname":"david-desktop","pid":547007,"time":"2020-11-20T08:54:08.127707323+00:00","log.target":"sqlx::query","log.module_path":"sqlx::query"}
{"v":0,"name":"test","msg":"SELECT pg_advisory_lock($1); rows: 1, elapsed: 702.398µs","level":30,"hostname":"david-desktop","pid":547007,"time":"2020-11-20T08:54:08.127767945+00:00","log.target":"sqlx::query","log.module_path":"sqlx::query"}
{"v":0,"name":"test","msg":"CREATE TABLE IF NOT …; rows: 0, elapsed: 13.579ms\n\nCREATE TABLE IF NOT EXISTS _sqlx_migrations (\n  version BIGINT PRIMARY KEY,\n  description TEXT NOT NULL,\n  installed_on TIMESTAMPTZ NOT NULL DEFAULT now(),\n  success BOOLEAN NOT NULL,\n  checksum BYTEA NOT NULL,\n  execution_time BIGINT NOT NULL\n);\n","level":30,"hostname":"david-desktop","pid":547007,"time":"2020-11-20T08:54:08.139787719+00:00","log.target":"sqlx::query","log.module_path":"sqlx::query"}
{"v":0,"name":"test","msg":"SELECT version, NOT success …; rows: 0, elapsed: 1.136ms\n\nSELECT\n  version,\n  NOT success\nFROM\n  _sqlx_migrations\nORDER BY\n  version DESC\nLIMIT\n  1\n","level":30,"hostname":"david-desktop","pid":547007,"time":"2020-11-20T08:54:08.143069625+00:00","log.target":"sqlx::query","log.module_path":"sqlx::query"}
{"v":0,"name":"test","msg":"BEGIN; rows: 0, elapsed: 255.515µs","level":30,"hostname":"david-desktop","pid":547007,"time":"2020-11-20T08:54:08.143484228+00:00","log.module_path":"sqlx::query","log.target":"sqlx::query"}
{"v":0,"name":"test","msg":"CREATE TABLE IF NOT …; rows: 0, elapsed: 10.655ms\n\nCREATE TABLE IF NOT EXISTS _sqlx_migrations (\n  version BIGINT PRIMARY KEY,\n  description TEXT NOT NULL,\n  installed_on TIMESTAMPTZ NOT NULL DEFAULT now(),\n  success BOOLEAN NOT NULL,\n  checksum BYTEA NOT NULL,\n  execution_time BIGINT NOT NULL\n);\n","level":30,"hostname":"david-desktop","pid":547007,"time":"2020-11-20T08:54:08.144553636+00:00","log.module_path":"sqlx::query","log.target":"sqlx::query"}
{"v":0,"name":"test","msg":"CREATE TABLE IF NOT …; rows: 0, elapsed: 11.324ms\n\nCREATE TABLE IF NOT EXISTS _sqlx_migrations (\n  version BIGINT PRIMARY KEY,\n  description TEXT NOT NULL,\n  installed_on TIMESTAMPTZ NOT NULL DEFAULT now(),\n  success BOOLEAN NOT NULL,\n  checksum BYTEA NOT NULL,\n  execution_time BIGINT NOT NULL\n);\n","level":30,"hostname":"david-desktop","pid":547007,"time":"2020-11-20T08:54:08.144936543+00:00","log.module_path":"sqlx::query","log.target":"sqlx::query"}
{"v":0,"name":"test","msg":"SELECT version, NOT success …; rows: 0, elapsed: 1.094ms\n\nSELECT\n  version,\n  NOT success\nFROM\n  _sqlx_migrations\nORDER BY\n  version DESC\nLIMIT\n  1\n","level":30,"hostname":"david-desktop","pid":547007,"time":"2020-11-20T08:54:08.147589134+00:00","log.target":"sqlx::query","log.module_path":"sqlx::query"}
{"v":0,"name":"test","msg":"BEGIN; rows: 0, elapsed: 244.200µs","level":30,"hostname":"david-desktop","pid":547007,"time":"2020-11-20T08:54:08.147979551+00:00","log.module_path":"sqlx::query","log.target":"sqlx::query"}
{"v":0,"name":"test","msg":"SELECT version, NOT success …; rows: 0, elapsed: 1.334ms\n\nSELECT\n  version,\n  NOT success\nFROM\n  _sqlx_migrations\nORDER BY\n  version DESC\nLIMIT\n  1\n","level":30,"hostname":"david-desktop","pid":547007,"time":"2020-11-20T08:54:08.148102172+00:00","log.module_path":"sqlx::query","log.target":"sqlx::query"}
{"v":0,"name":"test","msg":"BEGIN; rows: 0, elapsed: 213.087µs","level":30,"hostname":"david-desktop","pid":547007,"time":"2020-11-20T08:54:08.148430206+00:00","log.module_path":"sqlx::query","log.target":"sqlx::query"}
{"v":0,"name":"test","msg":"-- Add migration script …; rows: 0, elapsed: 8.886ms\n\n-- Add migration script here\nCREATE TABLE subscriptions(\n  id uuid NOT NULL,\n  PRIMARY KEY (id),\n  email TEXT NOT NULL UNIQUE,\n  name TEXT NOT NULL,\n  subscribed_at timestamptz NOT NULL\n);\n","level":30,"hostname":"david-desktop","pid":547007,"time":"2020-11-20T08:54:08.156114639+00:00","log.module_path":"sqlx::query","log.target":"sqlx::query"}
{"v":0,"name":"test","msg":"COMMIT; rows: 0, elapsed: 2.197ms","level":30,"hostname":"david-desktop","pid":547007,"time":"2020-11-20T08:54:08.158476915+00:00","log.target":"sqlx::query","log.module_path":"sqlx::query"}
{"v":0,"name":"test","msg":"-- Add migration script …; rows: 0, elapsed: 8.571ms\n\n-- Add migration script here\nCREATE TABLE subscriptions(\n  id uuid NOT NULL,\n  PRIMARY KEY (id),\n  email TEXT NOT NULL UNIQUE,\n  name TEXT NOT NULL,\n  subscribed_at timestamptz NOT NULL\n);\n","level":30,"hostname":"david-desktop","pid":547007,"time":"2020-11-20T08:54:08.160325421+00:00","log.target":"sqlx::query","log.module_path":"sqlx::query"}
{"v":0,"name":"test","msg":"COMMIT; rows: 0, elapsed: 846.447µs","level":30,"hostname":"david-desktop","pid":547007,"time":"2020-11-20T08:54:08.161298715+00:00","log.target":"sqlx::query","log.module_path":"sqlx::query"}
{"v":0,"name":"test","msg":"-- Add migration script …; rows: 0, elapsed: 9.858ms\n\n-- Add migration script here\nCREATE TABLE subscriptions(\n  id uuid NOT NULL,\n  PRIMARY KEY (id),\n  email TEXT NOT NULL UNIQUE,\n  name TEXT NOT NULL,\n  subscribed_at timestamptz NOT NULL\n);\n","level":30,"hostname":"david-desktop","pid":547007,"time":"2020-11-20T08:54:08.162174321+00:00","log.target":"sqlx::query","log.module_path":"sqlx::query"}
{"v":0,"name":"test","msg":"INSERT INTO _sqlx_migrations ( …; rows: 0, elapsed: 1.182ms\n\nINSERT INTO\n  _sqlx_migrations (\n    version,\n    description,\n    success,\n    checksum,\n    execution_time\n  )\nVALUES\n  ($1, $2, TRUE, $3, $4)\n","level":30,"hostname":"david-desktop","pid":547007,"time":"2020-11-20T08:54:08.162423246+00:00","log.target":"sqlx::query","log.module_path":"sqlx::query"}
{"v":0,"name":"test","msg":"SELECT current_database(); rows: 1, elapsed: 214.660µs","level":30,"hostname":"david-desktop","pid":547007,"time":"2020-11-20T08:54:08.162779549+00:00","log.module_path":"sqlx::query","log.target":"sqlx::query"}
{"v":0,"name":"test","msg":"SELECT pg_advisory_unlock($1); rows: 1, elapsed: 559.155µs","level":30,"hostname":"david-desktop","pid":547007,"time":"2020-11-20T08:54:08.163472661+00:00","log.target":"sqlx::query","log.module_path":"sqlx::query"}
{"v":0,"name":"test","msg":"Starting 8 workers","level":30,"hostname":"david-desktop","pid":547007,"time":"2020-11-20T08:54:08.163973818+00:00","log.file":"/home/dweis/.cargo/registry/src/github.com-1ecc6299db9ec823/actix-server-1.0.4/src/builder.rs","log.target":"actix_server::builder","log.line":263,"log.module_path":"actix_server::builder"}
{"v":0,"name":"test","msg":"Starting \"actix-web-service-127.0.0.1:42635\" service on 127.0.0.1:42635","level":30,"hostname":"david-desktop","pid":547007,"time":"2020-11-20T08:54:08.164492713+00:00","log.line":277,"log.target":"actix_server::builder","log.module_path":"actix_server::builder","log.file":"/home/dweis/.cargo/registry/src/github.com-1ecc6299db9ec823/actix-server-1.0.4/src/builder.rs"}
{"v":0,"name":"test","msg":"INSERT INTO _sqlx_migrations ( …; rows: 0, elapsed: 1.307ms\n\nINSERT INTO\n  _sqlx_migrations (\n    version,\n    description,\n    success,\n    checksum,\n    execution_time\n  )\nVALUES\n  ($1, $2, TRUE, $3, $4)\n","level":30,"hostname":"david-desktop","pid":547007,"time":"2020-11-20T08:54:08.165497692+00:00","log.module_path":"sqlx::query","log.target":"sqlx::query"}
{"v":0,"name":"test","msg":"SELECT current_database(); rows: 1, elapsed: 277.099µs","level":30,"hostname":"david-desktop","pid":547007,"time":"2020-11-20T08:54:08.165921996+00:00","log.target":"sqlx::query","log.module_path":"sqlx::query"}
{"v":0,"name":"test","msg":"COMMIT; rows: 0, elapsed: 4.252ms","level":30,"hostname":"david-desktop","pid":547007,"time":"2020-11-20T08:54:08.166574638+00:00","log.module_path":"sqlx::query","log.target":"sqlx::query"}
{"v":0,"name":"test","msg":"SELECT pg_advisory_unlock($1); rows: 1, elapsed: 606.035µs","level":30,"hostname":"david-desktop","pid":547007,"time":"2020-11-20T08:54:08.166663724+00:00","log.target":"sqlx::query","log.module_path":"sqlx::query"}
{"v":0,"name":"test","msg":"Starting 8 workers","level":30,"hostname":"david-desktop","pid":547007,"time":"2020-11-20T08:54:08.166925604+00:00","log.line":263,"log.file":"/home/dweis/.cargo/registry/src/github.com-1ecc6299db9ec823/actix-server-1.0.4/src/builder.rs","log.target":"actix_server::builder","log.module_path":"actix_server::builder"}
{"v":0,"name":"test","msg":"Starting \"actix-web-service-127.0.0.1:43969\" service on 127.0.0.1:43969","level":30,"hostname":"david-desktop","pid":547007,"time":"2020-11-20T08:54:08.167452208+00:00","log.module_path":"actix_server::builder","log.target":"actix_server::builder","log.line":277,"log.file":"/home/dweis/.cargo/registry/src/github.com-1ecc6299db9ec823/actix-server-1.0.4/src/builder.rs"}
{"v":0,"name":"test","msg":"INSERT INTO _sqlx_migrations ( …; rows: 0, elapsed: 2.726ms\n\nINSERT INTO\n  _sqlx_migrations (\n    version,\n    description,\n    success,\n    checksum,\n    execution_time\n  )\nVALUES\n  ($1, $2, TRUE, $3, $4)\n","level":30,"hostname":"david-desktop","pid":547007,"time":"2020-11-20T08:54:08.171806801+00:00","log.target":"sqlx::query","log.module_path":"sqlx::query"}
{"v":0,"name":"test","msg":"SELECT current_database(); rows: 1, elapsed: 263.513µs","level":30,"hostname":"david-desktop","pid":547007,"time":"2020-11-20T08:54:08.172233140+00:00","log.target":"sqlx::query","log.module_path":"sqlx::query"}
{"v":0,"name":"test","msg":"SELECT pg_advisory_unlock($1); rows: 1, elapsed: 627.669µs","level":30,"hostname":"david-desktop","pid":547007,"time":"2020-11-20T08:54:08.173033024+00:00","log.target":"sqlx::query","log.module_path":"sqlx::query"}
{"v":0,"name":"test","msg":"Starting 8 workers","level":30,"hostname":"david-desktop","pid":547007,"time":"2020-11-20T08:54:08.173323631+00:00","log.module_path":"actix_server::builder","log.file":"/home/dweis/.cargo/registry/src/github.com-1ecc6299db9ec823/actix-server-1.0.4/src/builder.rs","log.target":"actix_server::builder","log.line":263}
{"v":0,"name":"test","msg":"starting new connection: http://127.0.0.1:42635/","level":20,"hostname":"david-desktop","pid":547007,"time":"2020-11-20T08:54:08.173371801+00:00","log.file":"/home/dweis/.cargo/registry/src/github.com-1ecc6299db9ec823/reqwest-0.10.8/src/connect.rs","log.module_path":"reqwest::connect","log.line":514,"log.target":"reqwest::connect"}
{"v":0,"name":"test","msg":"connecting to 127.0.0.1:42635","level":20,"hostname":"david-desktop","pid":547007,"time":"2020-11-20T08:54:08.173557724+00:00"}
{"v":0,"name":"test","msg":"Starting \"actix-web-service-127.0.0.1:44747\" service on 127.0.0.1:44747","level":30,"hostname":"david-desktop","pid":547007,"time":"2020-11-20T08:54:08.173854834+00:00","log.file":"/home/dweis/.cargo/registry/src/github.com-1ecc6299db9ec823/actix-server-1.0.4/src/builder.rs","log.module_path":"actix_server::builder","log.line":277,"log.target":"actix_server::builder"}
{"v":0,"name":"test","msg":"Executing for error \"missing the email\"","level":20,"hostname":"david-desktop","pid":547007,"time":"2020-11-20T08:54:08.175719893+00:00"}
{"v":0,"name":"test","msg":"starting new connection: http://127.0.0.1:43969/","level":20,"hostname":"david-desktop","pid":547007,"time":"2020-11-20T08:54:08.176055235+00:00","log.file":"/home/dweis/.cargo/registry/src/github.com-1ecc6299db9ec823/reqwest-0.10.8/src/connect.rs","log.target":"reqwest::connect","log.module_path":"reqwest::connect","log.line":514}
{"v":0,"name":"test","msg":"connecting to 127.0.0.1:43969","level":20,"hostname":"david-desktop","pid":547007,"time":"2020-11-20T08:54:08.176173487+00:00"}
{"v":0,"name":"test","msg":"connected to 127.0.0.1:43969","level":20,"hostname":"david-desktop","pid":547007,"time":"2020-11-20T08:54:08.186257021+00:00"}
{"v":0,"name":"test","msg":"connected to 127.0.0.1:42635","level":20,"hostname":"david-desktop","pid":547007,"time":"2020-11-20T08:54:08.186501267+00:00"}
{"v":0,"name":"test","msg":"flushed 136 bytes","level":20,"hostname":"david-desktop","pid":547007,"time":"2020-11-20T08:54:08.186827972+00:00"}
{"v":0,"name":"test","msg":"flushed 137 bytes","level":20,"hostname":"david-desktop","pid":547007,"time":"2020-11-20T08:54:08.186893527+00:00"}
{"v":0,"name":"test","msg":"flushed 14 bytes","level":20,"hostname":"david-desktop","pid":547007,"time":"2020-11-20T08:54:08.186938030+00:00"}
{"v":0,"name":"test","msg":"flushed 47 bytes","level":20,"hostname":"david-desktop","pid":547007,"time":"2020-11-20T08:54:08.187000668+00:00"}
{"v":0,"name":"test","msg":"Error in response: ContentType","level":20,"hostname":"david-desktop","pid":547007,"time":"2020-11-20T08:54:08.187182940+00:00","log.target":"actix_web::middleware::logger","log.module_path":"actix_web::middleware::logger","log.file":"/home/dweis/.cargo/registry/src/github.com-1ecc6299db9ec823/actix-web-3.2.0/src/middleware/logger.rs","log.line":292}
{"v":0,"name":"test","msg":"127.0.0.1:54438 \"POST /subscriptions HTTP/1.1\" 400 18 \"-\" \"-\" 0.000336","level":30,"hostname":"david-desktop","pid":547007,"time":"2020-11-20T08:54:08.187381794+00:00","log.module_path":"actix_web::middleware::logger","log.target":"actix_web::middleware::logger","log.line":337,"log.file":"/home/dweis/.cargo/registry/src/github.com-1ecc6299db9ec823/actix-web-3.2.0/src/middleware/logger.rs"}
{"v":0,"name":"test","msg":"[ADDING A NEW SUBSCRIBER - START]","level":30,"hostname":"david-desktop","pid":547007,"time":"2020-11-20T08:54:08.187471217+00:00","target":"zero2prod::routes::subscriptions","line":13,"file":"src/routes/subscriptions.rs","request_id":"8a1adaf2-1082-4f75-a678-ee70e845cb94","email":"ursula_le_guin@gmail.com","name":"le guin"}
{"v":0,"name":"test","msg":"read 144 bytes","level":20,"hostname":"david-desktop","pid":547007,"time":"2020-11-20T08:54:08.187553317+00:00"}
{"v":0,"name":"test","msg":"parsed 3 headers","level":20,"hostname":"david-desktop","pid":547007,"time":"2020-11-20T08:54:08.187650129+00:00"}
{"v":0,"name":"test","msg":"[SAVING NEW SUBSCRIBER IN THE DATABASE - START]","level":30,"hostname":"david-desktop","pid":547007,"time":"2020-11-20T08:54:08.187638718+00:00","target":"zero2prod::routes::subscriptions","line":26,"file":"src/routes/subscriptions.rs","request_id":"8a1adaf2-1082-4f75-a678-ee70e845cb94","email":"ursula_le_guin@gmail.com","name":"le guin"}
{"v":0,"name":"test","msg":"incoming body is content-length (18 bytes)","level":20,"hostname":"david-desktop","pid":547007,"time":"2020-11-20T08:54:08.187715069+00:00"}
{"v":0,"name":"test","msg":"incoming body completed","level":20,"hostname":"david-desktop","pid":547007,"time":"2020-11-20T08:54:08.187812232+00:00"}
{"v":0,"name":"test","msg":"pooling idle connection for (\"http\", 127.0.0.1:43969)","level":20,"hostname":"david-desktop","pid":547007,"time":"2020-11-20T08:54:08.188144955+00:00"}
{"v":0,"name":"test","msg":"response '400 Bad Request' for http://127.0.0.1:43969/subscriptions","level":20,"hostname":"david-desktop","pid":547007,"time":"2020-11-20T08:54:08.188229596+00:00","log.file":"/home/dweis/.cargo/registry/src/github.com-1ecc6299db9ec823/reqwest-0.10.8/src/async_impl/client.rs","log.target":"reqwest::async_impl::client","log.line":1451,"log.module_path":"reqwest::async_impl::client"}
{"v":0,"name":"test","msg":"[SAVING NEW SUBSCRIBER IN THE DATABASE - EVENT] /* SQLx ping */; rows: 0, elapsed: 281.148µs","level":30,"hostname":"david-desktop","pid":547007,"time":"2020-11-20T08:54:08.188260748+00:00","log.target":"sqlx::query","log.module_path":"sqlx::query","request_id":"8a1adaf2-1082-4f75-a678-ee70e845cb94","email":"ursula_le_guin@gmail.com","name":"le guin"}
{"v":0,"name":"test","msg":"Executing for error \"missing the name\"","level":20,"hostname":"david-desktop","pid":547007,"time":"2020-11-20T08:54:08.188332957+00:00"}
{"v":0,"name":"test","msg":"reuse idle connection for (\"http\", 127.0.0.1:43969)","level":20,"hostname":"david-desktop","pid":547007,"time":"2020-11-20T08:54:08.188629366+00:00"}
{"v":0,"name":"test","msg":"flushed 168 bytes","level":20,"hostname":"david-desktop","pid":547007,"time":"2020-11-20T08:54:08.188840382+00:00"}
{"v":0,"name":"test","msg":"starting new connection: http://127.0.0.1:44747/","level":20,"hostname":"david-desktop","pid":547007,"time":"2020-11-20T08:54:08.192062430+00:00","log.line":514,"log.target":"reqwest::connect","log.module_path":"reqwest::connect","log.file":"/home/dweis/.cargo/registry/src/github.com-1ecc6299db9ec823/reqwest-0.10.8/src/connect.rs"}
{"v":0,"name":"test","msg":"connecting to 127.0.0.1:44747","level":20,"hostname":"david-desktop","pid":547007,"time":"2020-11-20T08:54:08.192205969+00:00"}
{"v":0,"name":"test","msg":"connected to 127.0.0.1:44747","level":20,"hostname":"david-desktop","pid":547007,"time":"2020-11-20T08:54:08.192575525+00:00"}
{"v":0,"name":"test","msg":"flushed 66 bytes","level":20,"hostname":"david-desktop","pid":547007,"time":"2020-11-20T08:54:08.193075667+00:00"}
{"v":0,"name":"test","msg":"[SAVING NEW SUBSCRIBER IN THE DATABASE - EVENT] INSERT INTO subscriptions (id, …; rows: 0, elapsed: 1.620ms\n\nINSERT INTO\n  subscriptions (id, email, name, subscribed_at)\nVALUES\n  ($1, $2, $3, $4)\n","level":30,"hostname":"david-desktop","pid":547007,"time":"2020-11-20T08:54:08.193341148+00:00","log.module_path":"sqlx::query","log.target":"sqlx::query","request_id":"8a1adaf2-1082-4f75-a678-ee70e845cb94","email":"ursula_le_guin@gmail.com","name":"le guin"}
{"v":0,"name":"test","msg":"[SAVING NEW SUBSCRIBER IN THE DATABASE - END]","level":30,"hostname":"david-desktop","pid":547007,"time":"2020-11-20T08:54:08.193553628+00:00","target":"zero2prod::routes::subscriptions","line":26,"file":"src/routes/subscriptions.rs","name":"le guin","email":"ursula_le_guin@gmail.com","elapsed_milliseconds":5,"request_id":"8a1adaf2-1082-4f75-a678-ee70e845cb94"}
{"v":0,"name":"test","msg":"127.0.0.1:58266 \"GET /health_check HTTP/1.1\" 200 0 \"-\" \"-\" 0.000168","level":30,"hostname":"david-desktop","pid":547007,"time":"2020-11-20T08:54:08.193589247+00:00","log.target":"actix_web::middleware::logger","log.line":337,"log.module_path":"actix_web::middleware::logger","log.file":"/home/dweis/.cargo/registry/src/github.com-1ecc6299db9ec823/actix-web-3.2.0/src/middleware/logger.rs"}
{"v":0,"name":"test","msg":"[ADDING A NEW SUBSCRIBER - END]","level":30,"hostname":"david-desktop","pid":547007,"time":"2020-11-20T08:54:08.193758029+00:00","target":"zero2prod::routes::subscriptions","line":13,"file":"src/routes/subscriptions.rs","name":"le guin","email":"ursula_le_guin@gmail.com","elapsed_milliseconds":6,"request_id":"8a1adaf2-1082-4f75-a678-ee70e845cb94"}
{"v":0,"name":"test","msg":"read 75 bytes","level":20,"hostname":"david-desktop","pid":547007,"time":"2020-11-20T08:54:08.193815013+00:00"}
{"v":0,"name":"test","msg":"parsed 2 headers","level":20,"hostname":"david-desktop","pid":547007,"time":"2020-11-20T08:54:08.193962648+00:00"}
{"v":0,"name":"test","msg":"127.0.0.1:55530 \"POST /subscriptions HTTP/1.1\" 200 0 \"-\" \"-\" 0.006905","level":30,"hostname":"david-desktop","pid":547007,"time":"2020-11-20T08:54:08.193998647+00:00","log.module_path":"actix_web::middleware::logger","log.line":337,"log.file":"/home/dweis/.cargo/registry/src/github.com-1ecc6299db9ec823/actix-web-3.2.0/src/middleware/logger.rs","log.target":"actix_web::middleware::logger"}
{"v":0,"name":"test","msg":"incoming body is empty","level":20,"hostname":"david-desktop","pid":547007,"time":"2020-11-20T08:54:08.194069586+00:00"}
{"v":0,"name":"test","msg":"read 75 bytes","level":20,"hostname":"david-desktop","pid":547007,"time":"2020-11-20T08:54:08.194263570+00:00"}
{"v":0,"name":"test","msg":"pooling idle connection for (\"http\", 127.0.0.1:44747)","level":20,"hostname":"david-desktop","pid":547007,"time":"2020-11-20T08:54:08.194350077+00:00"}
{"v":0,"name":"test","msg":"parsed 2 headers","level":20,"hostname":"david-desktop","pid":547007,"time":"2020-11-20T08:54:08.194418241+00:00"}
{"v":0,"name":"test","msg":"response '200 OK' for http://127.0.0.1:44747/health_check","level":20,"hostname":"david-desktop","pid":547007,"time":"2020-11-20T08:54:08.194498338+00:00","log.file":"/home/dweis/.cargo/registry/src/github.com-1ecc6299db9ec823/reqwest-0.10.8/src/async_impl/client.rs","log.module_path":"reqwest::async_impl::client","log.line":1451,"log.target":"reqwest::async_impl::client"}
{"v":0,"name":"test","msg":"incoming body is empty","level":20,"hostname":"david-desktop","pid":547007,"time":"2020-11-20T08:54:08.194524417+00:00"}
{"v":0,"name":"test","msg":"pooling idle connection for (\"http\", 127.0.0.1:42635)","level":20,"hostname":"david-desktop","pid":547007,"time":"2020-11-20T08:54:08.194798773+00:00"}
{"v":0,"name":"test","msg":"response '200 OK' for http://127.0.0.1:42635/subscriptions","level":20,"hostname":"david-desktop","pid":547007,"time":"2020-11-20T08:54:08.194941765+00:00","log.module_path":"reqwest::async_impl::client","log.file":"/home/dweis/.cargo/registry/src/github.com-1ecc6299db9ec823/reqwest-0.10.8/src/async_impl/client.rs","log.line":1451,"log.target":"reqwest::async_impl::client"}
{"v":0,"name":"test","msg":"/* SQLx ping */; rows: 0, elapsed: 279.813µs","level":30,"hostname":"david-desktop","pid":547007,"time":"2020-11-20T08:54:08.195480271+00:00","log.target":"sqlx::query","log.module_path":"sqlx::query"}
{"v":0,"name":"test","msg":"SELECT email, name FROM …; rows: 1, elapsed: 692.224µs\n\nSELECT\n  email,\n  name\nFROM\n  subscriptions\n","level":30,"hostname":"david-desktop","pid":547007,"time":"2020-11-20T08:54:08.197760578+00:00","log.module_path":"sqlx::query","log.target":"sqlx::query"}
{"v":0,"name":"test","msg":"read 0 bytes","level":20,"hostname":"david-desktop","pid":547007,"time":"2020-11-20T08:54:13.187653288+00:00"}
{"v":0,"name":"test","msg":"parse error (connection closed before message completed) with 0 bytes","level":20,"hostname":"david-desktop","pid":547007,"time":"2020-11-20T08:54:13.187969758+00:00"}
{"v":0,"name":"test","msg":"read_head error: connection closed before message completed","level":20,"hostname":"david-desktop","pid":547007,"time":"2020-11-20T08:54:13.188363765+00:00"}
